<html>
<body>
<pre>
<h1>µVision Build Log</h1>
<h2>Tool Versions:</h2>
IDE-Version: µVision V5.24.2.0
Copyright (C) 2017 ARM Ltd and ARM Germany GmbH. All rights reserved.
License Information: Rick Tolleson, Rochester Institute of Technology, LIC=----
 
Tool Versions:
Toolchain:       MDK-Lite  Version: 5.24.1
Toolchain Path:  C:\Keil_v5\ARM\ARMCC\Bin
C Compiler:      Armcc.exe V5.06 update 5 (build 528)
Assembler:       Armasm.exe V5.06 update 5 (build 528)
Linker/Locator:  ArmLink.exe V5.06 update 5 (build 528)
Library Manager: ArmAr.exe V5.06 update 5 (build 528)
Hex Converter:   FromElf.exe V5.06 update 5 (build 528)
CPU DLL:         SARMCM3.DLL V5.24.1
Dialog DLL:      DCM.DLL V1.16.0.0
Target DLL:      CMSIS_AGDI.dll V1.28.3.0
Dialog DLL:      TCM.DLL V1.32.0.0
 
<h2>Project:</h2>
C:\Users\sxd4738\Desktop\nxp\SRC\NXP_CAR_PROJECT.uvprojx
Project File Date:  03/30/2019

<h2>Output:</h2>
*** Using Compiler 'V5.06 update 5 (build 528)', folder: 'C:\Keil_v5\ARM\ARMCC\Bin'
Build target 'Target 1'
compiling main.c...
main.c(16): warning:  #1295-D: Deprecated declaration initialize - give arg types
  void initialize();
main.c(17): warning:  #1295-D: Deprecated declaration en_interrupts - give arg types
  void en_interrupts();
main.c(18): warning:  #1295-D: Deprecated declaration delay - give arg types
  void delay();
main.c(76): warning:  #167-D: argument of type "int16_t *" is incompatible with parameter of type "uint16_t *"
          print_array(deriv_sig, 20, 128);
main.c(46): warning:  #128-D: loop is not reachable
      while(1){
main.c(114): warning:  #111-D: statement is unreachable
  	return 0;
main.c(28): warning:  #177-D: variable "CAM_VALS"  was declared but never referenced
      int CAM_VALS = 128;
main.c(29): warning:  #177-D: variable "HALF"  was declared but never referenced
      int HALF = 64;
main.c(30): warning:  #177-D: variable "MARGIN"  was declared but never referenced
      int MARGIN;
main.c: 9 warnings, 0 errors
linking...
Program Size: Code=5420 RO-data=1056 RW-data=36 ZI-data=1476  
".\Objects\NXP_CAR_PROJECT.axf" - 0 Error(s), 9 Warning(s).

<h2>Software Packages used:</h2>

Package Vendor: ARM
                http://www.keil.com/pack/ARM.CMSIS.5.4.0.pack
                ARM.CMSIS.5.4.0
                CMSIS (Cortex Microcontroller Software Interface Standard)
   * Component: CORE Version: 5.1.2

Package Vendor: Keil
                http://www.keil.com/pack/Keil.Kinetis_K60_DFP.1.5.0.pack
                Keil.Kinetis_K60_DFP.1.5.0
                NXP Kinetis K60 Series Device Support and Examples
   * Component: Startup Version: 1.0.0

<h2>Collection of Component include folders:</h2>
  .\RTE\_Target_1
  C:\Keil_v5\ARM\PACK\ARM\CMSIS\5.4.0\CMSIS\Core\Include
  C:\Keil_v5\ARM\PACK\Keil\Kinetis_K60_DFP\1.5.0\Device\Include

<h2>Collection of Component Files used:</h2>

   * Component: Keil::Device:Startup:1.0.0
      Source file:   Device\Source\ARM\startup_MK64F12.s
      Source file:   Device\Source\system_MK64F12.c

   * Component: ARM::CMSIS:CORE:5.1.2
Build Time Elapsed:  00:00:01
</pre>
</body>
</html>
