Component: ARM Compiler 5.06 update 5 (build 528) Tool: armlink [4d35e2]

==============================================================================

Section Cross References

    camera.o(i.ADC0_IRQHandler) refers to camera.o(.data) for ADC0VAL
    camera.o(i.Camera_Main) refers to _printf_percent.o(.ARM.Collect$$_printf_percent$$00000000) for _printf_percent
    camera.o(i.Camera_Main) refers to _printf_i.o(.ARM.Collect$$_printf_percent$$00000008) for _printf_i
    camera.o(i.Camera_Main) refers to _printf_dec.o(.text) for _printf_int_dec
    camera.o(i.Camera_Main) refers to noretval__2sprintf.o(.text) for __2sprintf
    camera.o(i.Camera_Main) refers to uart.o(i.put) for put
    camera.o(i.Camera_Main) refers to camera.o(.data) for debugcamdata
    camera.o(i.Camera_Main) refers to camera.o(.bss) for str
    camera.o(i.FTM2_IRQHandler) refers to camera.o(.data) for clkval
    camera.o(i.FTM2_IRQHandler) refers to camera.o(.bss) for line
    camera.o(i.PIT0_IRQHandler) refers to camera.o(.data) for debugcamdata
    camera.o(i.init_ADC0) refers to camera.o(i.__NVIC_EnableIRQ) for __NVIC_EnableIRQ
    camera.o(i.init_FTM2) refers to camera.o(i.__NVIC_EnableIRQ) for __NVIC_EnableIRQ
    camera.o(i.init_PIT) refers to camera.o(i.__NVIC_EnableIRQ) for __NVIC_EnableIRQ
    isr.o(i.FTM0_IRQHandler) refers to isr.o(.data) for sw2Pressed
    isr.o(i.PORTC_IRQHandler) refers to uart.o(i.put) for put
    isr.o(i.PORTC_IRQHandler) refers to uart.o(i.putnumU) for putnumU
    isr.o(i.PORTC_IRQHandler) refers to isr.o(.data) for sw2Pressed
    main.o(i.initialize) refers to uart.o(i.uart0_init) for uart0_init
    main.o(i.initialize) refers to uart.o(i.uart3_init) for uart3_init
    main.o(i.initialize) refers to camera.o(i.init_GPIO) for init_GPIO
    main.o(i.initialize) refers to camera.o(i.init_FTM2) for init_FTM2
    main.o(i.initialize) refers to camera.o(i.init_ADC0) for init_ADC0
    main.o(i.initialize) refers to camera.o(i.init_PIT) for init_PIT
    main.o(i.initialize) refers to pwm.o(i.InitPWM) for InitPWM
    main.o(i.main) refers to main.o(i.initialize) for initialize
    main.o(i.main) refers to camera.o(i.Camera_Main) for Camera_Main
    pwm.o(i.FTM3_IRQHandler) refers to pwm.o(.data) for PWM3Tick
    uart.o(i.put) refers to uart.o(i.putChar) for putChar
    uart.o(i.putnumU) refers to _printf_percent.o(.ARM.Collect$$_printf_percent$$00000000) for _printf_percent
    uart.o(i.putnumU) refers to _printf_d.o(.ARM.Collect$$_printf_percent$$00000009) for _printf_d
    uart.o(i.putnumU) refers to _printf_dec.o(.text) for _printf_int_dec
    uart.o(i.putnumU) refers to noretval__2sprintf.o(.text) for __2sprintf
    uart.o(i.putnumU) refers to uart.o(i.put) for put
    startup_mk64f12.o(STACK) refers (Special) to heapauxi.o(.text) for __use_two_region_memory
    startup_mk64f12.o(HEAP) refers (Special) to heapauxi.o(.text) for __use_two_region_memory
    startup_mk64f12.o(RESET) refers (Special) to heapauxi.o(.text) for __use_two_region_memory
    startup_mk64f12.o(RESET) refers to startup_mk64f12.o(STACK) for __initial_sp
    startup_mk64f12.o(RESET) refers to startup_mk64f12.o(.text) for Reset_Handler
    startup_mk64f12.o(RESET) refers to camera.o(i.ADC0_IRQHandler) for ADC0_IRQHandler
    startup_mk64f12.o(RESET) refers to isr.o(i.FTM0_IRQHandler) for FTM0_IRQHandler
    startup_mk64f12.o(RESET) refers to camera.o(i.FTM2_IRQHandler) for FTM2_IRQHandler
    startup_mk64f12.o(RESET) refers to camera.o(i.PIT0_IRQHandler) for PIT0_IRQHandler
    startup_mk64f12.o(RESET) refers to isr.o(i.PDB0_IRQHandler) for PDB0_IRQHandler
    startup_mk64f12.o(RESET) refers to isr.o(i.PORTA_IRQHandler) for PORTA_IRQHandler
    startup_mk64f12.o(RESET) refers to isr.o(i.PORTC_IRQHandler) for PORTC_IRQHandler
    startup_mk64f12.o(RESET) refers to pwm.o(i.FTM3_IRQHandler) for FTM3_IRQHandler
    startup_mk64f12.o(.ARM.__at_0x400) refers (Special) to heapauxi.o(.text) for __use_two_region_memory
    startup_mk64f12.o(.text) refers (Special) to heapauxi.o(.text) for __use_two_region_memory
    startup_mk64f12.o(.text) refers to system_mk64f12.o(i.SystemInit) for SystemInit
    startup_mk64f12.o(.text) refers to __main.o(!!!main) for __main
    startup_mk64f12.o(.text) refers to startup_mk64f12.o(HEAP) for Heap_Mem
    startup_mk64f12.o(.text) refers to startup_mk64f12.o(STACK) for Stack_Mem
    system_mk64f12.o(i.SystemCoreClockUpdate) refers to system_mk64f12.o(.data) for SystemCoreClock
    __2sprintf.o(.text) refers to _printf_char_common.o(.text) for _printf_char_common
    __2sprintf.o(.text) refers to _sputc.o(.text) for _sputc
    noretval__2sprintf.o(.text) refers to _printf_char_common.o(.text) for _printf_char_common
    noretval__2sprintf.o(.text) refers to _sputc.o(.text) for _sputc
    __printf.o(.text) refers to _printf_percent.o(.ARM.Collect$$_printf_percent$$00000000) for _printf_percent
    _printf_dec.o(.text) refers to _printf_intcommon.o(.text) for _printf_int_common
    __printf_flags.o(.text) refers to _printf_percent.o(.ARM.Collect$$_printf_percent$$00000000) for _printf_percent
    __printf_flags.o(.text) refers to __printf_flags.o(.constdata) for .constdata
    __printf_ss.o(.text) refers to _printf_percent.o(.ARM.Collect$$_printf_percent$$00000000) for _printf_percent
    __printf_flags_ss.o(.text) refers to _printf_percent.o(.ARM.Collect$$_printf_percent$$00000000) for _printf_percent
    __printf_flags_ss.o(.text) refers to __printf_flags_ss.o(.constdata) for .constdata
    __printf_wp.o(.text) refers to __printf_wp.o(i._is_digit) for _is_digit
    __printf_wp.o(.text) refers to _printf_percent.o(.ARM.Collect$$_printf_percent$$00000000) for _printf_percent
    __printf_flags_wp.o(.text) refers to __printf_wp.o(i._is_digit) for _is_digit
    __printf_flags_wp.o(.text) refers to _printf_percent.o(.ARM.Collect$$_printf_percent$$00000000) for _printf_percent
    __printf_flags_wp.o(.text) refers to __printf_flags_wp.o(.constdata) for .constdata
    __printf_ss_wp.o(.text) refers to __printf_wp.o(i._is_digit) for _is_digit
    __printf_ss_wp.o(.text) refers to _printf_percent.o(.ARM.Collect$$_printf_percent$$00000000) for _printf_percent
    __printf_flags_ss_wp.o(.text) refers to __printf_wp.o(i._is_digit) for _is_digit
    __printf_flags_ss_wp.o(.text) refers to _printf_percent.o(.ARM.Collect$$_printf_percent$$00000000) for _printf_percent
    __printf_flags_ss_wp.o(.text) refers to __printf_flags_ss_wp.o(.constdata) for .constdata
    _printf_i.o(.ARM.Collect$$_printf_percent$$00000008) refers (Weak) to _printf_dec.o(.text) for _printf_int_dec
    _printf_d.o(.ARM.Collect$$_printf_percent$$00000009) refers (Weak) to _printf_dec.o(.text) for _printf_int_dec
    _printf_percent.o(.ARM.Collect$$_printf_percent$$00000000) refers (Special) to _printf_percent_end.o(.ARM.Collect$$_printf_percent$$00000017) for _printf_percent_end
    __main.o(!!!main) refers to __rtentry.o(.ARM.Collect$$rtentry$$00000000) for __rt_entry
    __rtentry.o(.ARM.Collect$$rtentry$$00000000) refers (Special) to __rtentry2.o(.ARM.Collect$$rtentry$$0000000A) for __rt_entry_li
    __rtentry.o(.ARM.Collect$$rtentry$$00000000) refers (Special) to __rtentry2.o(.ARM.Collect$$rtentry$$0000000D) for __rt_entry_main
    __rtentry.o(.ARM.Collect$$rtentry$$00000000) refers (Special) to __rtentry2.o(.ARM.Collect$$rtentry$$0000000C) for __rt_entry_postli_1
    __rtentry.o(.ARM.Collect$$rtentry$$00000000) refers (Special) to __rtentry2.o(.ARM.Collect$$rtentry$$00000009) for __rt_entry_postsh_1
    __rtentry.o(.ARM.Collect$$rtentry$$00000000) refers (Special) to __rtentry2.o(.ARM.Collect$$rtentry$$00000002) for __rt_entry_presh_1
    __rtentry.o(.ARM.Collect$$rtentry$$00000000) refers (Special) to __rtentry4.o(.ARM.Collect$$rtentry$$00000004) for __rt_entry_sh
    _printf_char_common.o(.text) refers to __printf.o(.text) for __printf
    __rtentry2.o(.ARM.Collect$$rtentry$$00000008) refers to boardinit2.o(.text) for _platform_post_stackheap_init
    __rtentry2.o(.ARM.Collect$$rtentry$$0000000A) refers to libinit.o(.ARM.Collect$$libinit$$00000000) for __rt_lib_init
    __rtentry2.o(.ARM.Collect$$rtentry$$0000000B) refers to boardinit3.o(.text) for _platform_post_lib_init
    __rtentry2.o(.ARM.Collect$$rtentry$$0000000D) refers to main.o(i.main) for main
    __rtentry2.o(.ARM.Collect$$rtentry$$0000000D) refers to exit.o(.text) for exit
    __rtentry2.o(.ARM.exidx) refers to __rtentry2.o(.ARM.Collect$$rtentry$$00000001) for .ARM.Collect$$rtentry$$00000001
    __rtentry2.o(.ARM.exidx) refers to __rtentry2.o(.ARM.Collect$$rtentry$$00000008) for .ARM.Collect$$rtentry$$00000008
    __rtentry2.o(.ARM.exidx) refers to __rtentry2.o(.ARM.Collect$$rtentry$$0000000A) for .ARM.Collect$$rtentry$$0000000A
    __rtentry2.o(.ARM.exidx) refers to __rtentry2.o(.ARM.Collect$$rtentry$$0000000B) for .ARM.Collect$$rtentry$$0000000B
    __rtentry2.o(.ARM.exidx) refers to __rtentry2.o(.ARM.Collect$$rtentry$$0000000D) for .ARM.Collect$$rtentry$$0000000D
    __rtentry4.o(.ARM.Collect$$rtentry$$00000004) refers to sys_stackheap_outer.o(.text) for __user_setup_stackheap
    __rtentry4.o(.ARM.exidx) refers to __rtentry4.o(.ARM.Collect$$rtentry$$00000004) for .ARM.Collect$$rtentry$$00000004
    sys_stackheap_outer.o(.text) refers to libspace.o(.text) for __user_perproc_libspace
    sys_stackheap_outer.o(.text) refers to startup_mk64f12.o(.text) for __user_initial_stackheap
    exit.o(.text) refers to rtexit.o(.ARM.Collect$$rtexit$$00000000) for __rt_exit
    libinit.o(.ARM.Collect$$libinit$$00000000) refers (Special) to libinit2.o(.ARM.Collect$$libinit$$0000002E) for __rt_lib_init_alloca_1
    libinit.o(.ARM.Collect$$libinit$$00000000) refers (Special) to libinit2.o(.ARM.Collect$$libinit$$0000002C) for __rt_lib_init_argv_1
    libinit.o(.ARM.Collect$$libinit$$00000000) refers (Special) to libinit2.o(.ARM.Collect$$libinit$$0000001B) for __rt_lib_init_atexit_1
    libinit.o(.ARM.Collect$$libinit$$00000000) refers (Special) to libinit2.o(.ARM.Collect$$libinit$$00000021) for __rt_lib_init_clock_1
    libinit.o(.ARM.Collect$$libinit$$00000000) refers (Special) to libinit2.o(.ARM.Collect$$libinit$$00000032) for __rt_lib_init_cpp_1
    libinit.o(.ARM.Collect$$libinit$$00000000) refers (Special) to libinit2.o(.ARM.Collect$$libinit$$00000030) for __rt_lib_init_exceptions_1
    libinit.o(.ARM.Collect$$libinit$$00000000) refers (Special) to libinit2.o(.ARM.Collect$$libinit$$00000001) for __rt_lib_init_fp_1
    libinit.o(.ARM.Collect$$libinit$$00000000) refers (Special) to libinit2.o(.ARM.Collect$$libinit$$0000001F) for __rt_lib_init_fp_trap_1
    libinit.o(.ARM.Collect$$libinit$$00000000) refers (Special) to libinit2.o(.ARM.Collect$$libinit$$00000023) for __rt_lib_init_getenv_1
    libinit.o(.ARM.Collect$$libinit$$00000000) refers (Special) to libinit2.o(.ARM.Collect$$libinit$$0000000A) for __rt_lib_init_heap_1
    libinit.o(.ARM.Collect$$libinit$$00000000) refers (Special) to libinit2.o(.ARM.Collect$$libinit$$00000011) for __rt_lib_init_lc_collate_1
    libinit.o(.ARM.Collect$$libinit$$00000000) refers (Special) to libinit2.o(.ARM.Collect$$libinit$$00000013) for __rt_lib_init_lc_ctype_1
    libinit.o(.ARM.Collect$$libinit$$00000000) refers (Special) to libinit2.o(.ARM.Collect$$libinit$$00000015) for __rt_lib_init_lc_monetary_1
    libinit.o(.ARM.Collect$$libinit$$00000000) refers (Special) to libinit2.o(.ARM.Collect$$libinit$$00000017) for __rt_lib_init_lc_numeric_1
    libinit.o(.ARM.Collect$$libinit$$00000000) refers (Special) to libinit2.o(.ARM.Collect$$libinit$$00000019) for __rt_lib_init_lc_time_1
    libinit.o(.ARM.Collect$$libinit$$00000000) refers (Special) to libinit2.o(.ARM.Collect$$libinit$$00000004) for __rt_lib_init_preinit_1
    libinit.o(.ARM.Collect$$libinit$$00000000) refers (Special) to libinit2.o(.ARM.Collect$$libinit$$0000000E) for __rt_lib_init_rand_1
    libinit.o(.ARM.Collect$$libinit$$00000000) refers (Special) to libinit2.o(.ARM.Collect$$libinit$$00000033) for __rt_lib_init_return
    libinit.o(.ARM.Collect$$libinit$$00000000) refers (Special) to libinit2.o(.ARM.Collect$$libinit$$0000001D) for __rt_lib_init_signal_1
    libinit.o(.ARM.Collect$$libinit$$00000000) refers (Special) to libinit2.o(.ARM.Collect$$libinit$$00000025) for __rt_lib_init_stdio_1
    libinit.o(.ARM.Collect$$libinit$$00000000) refers (Special) to libinit2.o(.ARM.Collect$$libinit$$0000000C) for __rt_lib_init_user_alloc_1
    libspace.o(.text) refers to libspace.o(.bss) for __libspace_start
    rtexit.o(.ARM.Collect$$rtexit$$00000000) refers (Special) to rtexit2.o(.ARM.Collect$$rtexit$$00000004) for __rt_exit_exit
    rtexit.o(.ARM.Collect$$rtexit$$00000000) refers (Special) to rtexit2.o(.ARM.Collect$$rtexit$$00000003) for __rt_exit_ls
    rtexit.o(.ARM.Collect$$rtexit$$00000000) refers (Special) to rtexit2.o(.ARM.Collect$$rtexit$$00000002) for __rt_exit_prels_1
    rtexit.o(.ARM.exidx) refers (Special) to rtexit2.o(.ARM.Collect$$rtexit$$00000004) for __rt_exit_exit
    rtexit.o(.ARM.exidx) refers (Special) to rtexit2.o(.ARM.Collect$$rtexit$$00000003) for __rt_exit_ls
    rtexit.o(.ARM.exidx) refers (Special) to rtexit2.o(.ARM.Collect$$rtexit$$00000002) for __rt_exit_prels_1
    rtexit.o(.ARM.exidx) refers to rtexit.o(.ARM.Collect$$rtexit$$00000000) for .ARM.Collect$$rtexit$$00000000
    libinit2.o(.ARM.Collect$$libinit$$00000001) refers to fpinit.o(x$fpl$fpinit) for _fp_init
    libinit2.o(.ARM.Collect$$libinit$$00000010) refers to libinit2.o(.ARM.Collect$$libinit$$0000000F) for .ARM.Collect$$libinit$$0000000F
    libinit2.o(.ARM.Collect$$libinit$$00000012) refers to libinit2.o(.ARM.Collect$$libinit$$0000000F) for .ARM.Collect$$libinit$$0000000F
    libinit2.o(.ARM.Collect$$libinit$$00000014) refers to libinit2.o(.ARM.Collect$$libinit$$0000000F) for .ARM.Collect$$libinit$$0000000F
    libinit2.o(.ARM.Collect$$libinit$$00000016) refers to libinit2.o(.ARM.Collect$$libinit$$0000000F) for .ARM.Collect$$libinit$$0000000F
    libinit2.o(.ARM.Collect$$libinit$$00000018) refers to libinit2.o(.ARM.Collect$$libinit$$0000000F) for .ARM.Collect$$libinit$$0000000F
    libinit2.o(.ARM.Collect$$libinit$$00000026) refers to argv_veneer.o(.emb_text) for __ARM_argv_veneer
    libinit2.o(.ARM.Collect$$libinit$$00000027) refers to argv_veneer.o(.emb_text) for __ARM_argv_veneer
    rtexit2.o(.ARM.Collect$$rtexit$$00000003) refers to libshutdown.o(.ARM.Collect$$libshutdown$$00000000) for __rt_lib_shutdown
    rtexit2.o(.ARM.Collect$$rtexit$$00000004) refers to sys_exit.o(.text) for _sys_exit
    rtexit2.o(.ARM.exidx) refers to rtexit2.o(.ARM.Collect$$rtexit$$00000001) for .ARM.Collect$$rtexit$$00000001
    rtexit2.o(.ARM.exidx) refers to rtexit2.o(.ARM.Collect$$rtexit$$00000003) for .ARM.Collect$$rtexit$$00000003
    rtexit2.o(.ARM.exidx) refers to rtexit2.o(.ARM.Collect$$rtexit$$00000004) for .ARM.Collect$$rtexit$$00000004
    argv_veneer.o(.emb_text) refers to no_argv.o(.text) for __ARM_get_argv
    sys_exit.o(.text) refers (Special) to use_no_semi.o(.text) for __I$use$semihosting
    sys_exit.o(.text) refers (Special) to indicate_semi.o(.text) for __semihosting_library_function
    _get_argv_nomalloc.o(.text) refers (Special) to hrguard.o(.text) for __heap_region$guard
    _get_argv_nomalloc.o(.text) refers to defsig_rtmem_outer.o(.text) for __rt_SIGRTMEM
    _get_argv_nomalloc.o(.text) refers to sys_command.o(.text) for _sys_command_string
    libshutdown.o(.ARM.Collect$$libshutdown$$00000000) refers (Special) to libshutdown2.o(.ARM.Collect$$libshutdown$$00000002) for __rt_lib_shutdown_cpp_1
    libshutdown.o(.ARM.Collect$$libshutdown$$00000000) refers (Special) to libshutdown2.o(.ARM.Collect$$libshutdown$$00000007) for __rt_lib_shutdown_fp_trap_1
    libshutdown.o(.ARM.Collect$$libshutdown$$00000000) refers (Special) to libshutdown2.o(.ARM.Collect$$libshutdown$$0000000F) for __rt_lib_shutdown_heap_1
    libshutdown.o(.ARM.Collect$$libshutdown$$00000000) refers (Special) to libshutdown2.o(.ARM.Collect$$libshutdown$$00000010) for __rt_lib_shutdown_return
    libshutdown.o(.ARM.Collect$$libshutdown$$00000000) refers (Special) to libshutdown2.o(.ARM.Collect$$libshutdown$$0000000A) for __rt_lib_shutdown_signal_1
    libshutdown.o(.ARM.Collect$$libshutdown$$00000000) refers (Special) to libshutdown2.o(.ARM.Collect$$libshutdown$$00000004) for __rt_lib_shutdown_stdio_1
    libshutdown.o(.ARM.Collect$$libshutdown$$00000000) refers (Special) to libshutdown2.o(.ARM.Collect$$libshutdown$$0000000C) for __rt_lib_shutdown_user_alloc_1
    sys_command.o(.text) refers (Special) to use_no_semi.o(.text) for __I$use$semihosting
    sys_command.o(.text) refers (Special) to indicate_semi.o(.text) for __semihosting_library_function
    defsig_rtmem_outer.o(.text) refers to defsig_rtmem_inner.o(.text) for __rt_SIGRTMEM_inner
    defsig_rtmem_outer.o(.text) refers to defsig_exit.o(.text) for __sig_exit
    defsig_rtmem_formal.o(.text) refers to rt_raise.o(.text) for __rt_raise
    rt_raise.o(.text) refers to __raise.o(.text) for __raise
    rt_raise.o(.text) refers to sys_exit.o(.text) for _sys_exit
    defsig_exit.o(.text) refers to sys_exit.o(.text) for _sys_exit
    defsig_rtmem_inner.o(.text) refers to defsig_general.o(.text) for __default_signal_display
    __raise.o(.text) refers to defsig.o(CL$$defsig) for __default_signal_handler
    defsig_general.o(.text) refers to sys_wrch.o(.text) for _ttywrch
    sys_wrch.o(.text) refers (Special) to use_no_semi.o(.text) for __I$use$semihosting
    sys_wrch.o(.text) refers (Special) to indicate_semi.o(.text) for __semihosting_library_function
    defsig.o(CL$$defsig) refers to defsig_rtmem_inner.o(.text) for __rt_SIGRTMEM_inner
    defsig_abrt_inner.o(.text) refers to defsig_general.o(.text) for __default_signal_display
    defsig_fpe_inner.o(.text) refers to defsig_general.o(.text) for __default_signal_display
    defsig_rtred_inner.o(.text) refers to defsig_general.o(.text) for __default_signal_display
    defsig_stak_inner.o(.text) refers to defsig_general.o(.text) for __default_signal_display
    defsig_pvfn_inner.o(.text) refers to defsig_general.o(.text) for __default_signal_display
    defsig_cppl_inner.o(.text) refers to defsig_general.o(.text) for __default_signal_display
    defsig_segv_inner.o(.text) refers to defsig_general.o(.text) for __default_signal_display
    defsig_other.o(.text) refers to defsig_general.o(.text) for __default_signal_display


==============================================================================

Removing Unused input sections from the image.

    Removing camera.o(.rev16_text), (4 bytes).
    Removing camera.o(.revsh_text), (4 bytes).
    Removing camera.o(.rrx_text), (6 bytes).
    Removing isr.o(.rev16_text), (4 bytes).
    Removing isr.o(.revsh_text), (4 bytes).
    Removing isr.o(.rrx_text), (6 bytes).
    Removing main.o(.rev16_text), (4 bytes).
    Removing main.o(.revsh_text), (4 bytes).
    Removing main.o(.rrx_text), (6 bytes).
    Removing main.o(i.delay), (20 bytes).
    Removing pwm.o(.rev16_text), (4 bytes).
    Removing pwm.o(.revsh_text), (4 bytes).
    Removing pwm.o(.rrx_text), (6 bytes).
    Removing pwm.o(i.SetMotorDutyCycle), (72 bytes).
    Removing pwm.o(i.SetServoDutyCycle), (32 bytes).
    Removing uart.o(.rev16_text), (4 bytes).
    Removing uart.o(.revsh_text), (4 bytes).
    Removing uart.o(.rrx_text), (6 bytes).
    Removing uart.o(i.getChar), (24 bytes).
    Removing system_mk64f12.o(.rev16_text), (4 bytes).
    Removing system_mk64f12.o(.revsh_text), (4 bytes).
    Removing system_mk64f12.o(.rrx_text), (6 bytes).
    Removing system_mk64f12.o(i.SystemCoreClockUpdate), (344 bytes).
    Removing system_mk64f12.o(.data), (4 bytes).

24 unused section(s) (total 580 bytes) removed from the image.

==============================================================================

Image Symbol Table

    Local Symbols

    Symbol Name                              Value     Ov Type        Size  Object(Section)

    RESET                                    0x00000000   Section     1024  startup_mk64f12.o(RESET)
    ../clib/angel/boardlib.s                 0x00000000   Number         0  boardshut.o ABSOLUTE
    ../clib/angel/boardlib.s                 0x00000000   Number         0  boardinit1.o ABSOLUTE
    ../clib/angel/boardlib.s                 0x00000000   Number         0  boardinit3.o ABSOLUTE
    ../clib/angel/boardlib.s                 0x00000000   Number         0  boardinit2.o ABSOLUTE
    ../clib/angel/handlers.s                 0x00000000   Number         0  __scatter_zi.o ABSOLUTE
    ../clib/angel/handlers.s                 0x00000000   Number         0  __scatter_copy.o ABSOLUTE
    ../clib/angel/kernel.s                   0x00000000   Number         0  __rtentry2.o ABSOLUTE
    ../clib/angel/kernel.s                   0x00000000   Number         0  __rtentry4.o ABSOLUTE
    ../clib/angel/kernel.s                   0x00000000   Number         0  rtexit.o ABSOLUTE
    ../clib/angel/kernel.s                   0x00000000   Number         0  __rtentry.o ABSOLUTE
    ../clib/angel/kernel.s                   0x00000000   Number         0  rtexit2.o ABSOLUTE
    ../clib/angel/rt.s                       0x00000000   Number         0  rt_raise.o ABSOLUTE
    ../clib/angel/scatter.s                  0x00000000   Number         0  __scatter.o ABSOLUTE
    ../clib/angel/startup.s                  0x00000000   Number         0  __main.o ABSOLUTE
    ../clib/angel/sys.s                      0x00000000   Number         0  indicate_semi.o ABSOLUTE
    ../clib/angel/sys.s                      0x00000000   Number         0  sys_stackheap_outer.o ABSOLUTE
    ../clib/angel/sys.s                      0x00000000   Number         0  use_no_semi.o ABSOLUTE
    ../clib/angel/sys.s                      0x00000000   Number         0  libspace.o ABSOLUTE
    ../clib/angel/sysapp.c                   0x00000000   Number         0  sys_command.o ABSOLUTE
    ../clib/angel/sysapp.c                   0x00000000   Number         0  sys_wrch.o ABSOLUTE
    ../clib/angel/sysapp.c                   0x00000000   Number         0  sys_exit.o ABSOLUTE
    ../clib/armsys.c                         0x00000000   Number         0  _get_argv_nomalloc.o ABSOLUTE
    ../clib/armsys.c                         0x00000000   Number         0  no_argv.o ABSOLUTE
    ../clib/armsys.c                         0x00000000   Number         0  argv_veneer.o ABSOLUTE
    ../clib/armsys.c                         0x00000000   Number         0  argv_veneer.o ABSOLUTE
    ../clib/heapalloc.c                      0x00000000   Number         0  hrguard.o ABSOLUTE
    ../clib/heapaux.c                        0x00000000   Number         0  heapauxi.o ABSOLUTE
    ../clib/libinit.s                        0x00000000   Number         0  libshutdown.o ABSOLUTE
    ../clib/libinit.s                        0x00000000   Number         0  libshutdown2.o ABSOLUTE
    ../clib/libinit.s                        0x00000000   Number         0  libinit.o ABSOLUTE
    ../clib/libinit.s                        0x00000000   Number         0  libinit2.o ABSOLUTE
    ../clib/printf.c                         0x00000000   Number         0  __printf_flags.o ABSOLUTE
    ../clib/printf.c                         0x00000000   Number         0  __printf_ss.o ABSOLUTE
    ../clib/printf.c                         0x00000000   Number         0  __printf_flags_ss.o ABSOLUTE
    ../clib/printf.c                         0x00000000   Number         0  __printf_wp.o ABSOLUTE
    ../clib/printf.c                         0x00000000   Number         0  __printf_nopercent.o ABSOLUTE
    ../clib/printf.c                         0x00000000   Number         0  __printf_flags_wp.o ABSOLUTE
    ../clib/printf.c                         0x00000000   Number         0  __printf_flags_ss_wp.o ABSOLUTE
    ../clib/printf.c                         0x00000000   Number         0  _printf_intcommon.o ABSOLUTE
    ../clib/printf.c                         0x00000000   Number         0  _printf_char_common.o ABSOLUTE
    ../clib/printf.c                         0x00000000   Number         0  _sputc.o ABSOLUTE
    ../clib/printf.c                         0x00000000   Number         0  __printf_ss_wp.o ABSOLUTE
    ../clib/printf.c                         0x00000000   Number         0  __2sprintf.o ABSOLUTE
    ../clib/printf.c                         0x00000000   Number         0  noretval__2sprintf.o ABSOLUTE
    ../clib/printf.c                         0x00000000   Number         0  __printf.o ABSOLUTE
    ../clib/printf.c                         0x00000000   Number         0  _printf_dec.o ABSOLUTE
    ../clib/printf_percent.s                 0x00000000   Number         0  _printf_d.o ABSOLUTE
    ../clib/printf_percent.s                 0x00000000   Number         0  _printf_i.o ABSOLUTE
    ../clib/printf_percent.s                 0x00000000   Number         0  _printf_percent_end.o ABSOLUTE
    ../clib/printf_percent.s                 0x00000000   Number         0  _printf_percent.o ABSOLUTE
    ../clib/signal.c                         0x00000000   Number         0  defsig_stak_inner.o ABSOLUTE
    ../clib/signal.c                         0x00000000   Number         0  __raise.o ABSOLUTE
    ../clib/signal.c                         0x00000000   Number         0  defsig_rtmem_formal.o ABSOLUTE
    ../clib/signal.c                         0x00000000   Number         0  defsig_abrt_inner.o ABSOLUTE
    ../clib/signal.c                         0x00000000   Number         0  defsig_fpe_inner.o ABSOLUTE
    ../clib/signal.c                         0x00000000   Number         0  defsig_rtred_inner.o ABSOLUTE
    ../clib/signal.c                         0x00000000   Number         0  defsig_other.o ABSOLUTE
    ../clib/signal.c                         0x00000000   Number         0  defsig_segv_inner.o ABSOLUTE
    ../clib/signal.c                         0x00000000   Number         0  defsig_cppl_inner.o ABSOLUTE
    ../clib/signal.c                         0x00000000   Number         0  defsig_general.o ABSOLUTE
    ../clib/signal.c                         0x00000000   Number         0  defsig_rtmem_outer.o ABSOLUTE
    ../clib/signal.c                         0x00000000   Number         0  defsig_pvfn_inner.o ABSOLUTE
    ../clib/signal.c                         0x00000000   Number         0  defsig_exit.o ABSOLUTE
    ../clib/signal.c                         0x00000000   Number         0  defsig_rtmem_inner.o ABSOLUTE
    ../clib/signal.s                         0x00000000   Number         0  defsig.o ABSOLUTE
    ../clib/stdlib.c                         0x00000000   Number         0  exit.o ABSOLUTE
    ../fplib/fpinit.s                        0x00000000   Number         0  fpinit.o ABSOLUTE
    RTE\Device\MK64FN1M0xxx12\startup_MK64F12.s 0x00000000   Number         0  startup_mk64f12.o ABSOLUTE
    RTE\Device\MK64FN1M0xxx12\system_MK64F12.c 0x00000000   Number         0  system_mk64f12.o ABSOLUTE
    RTE\\Device\\MK64FN1M0xxx12\\system_MK64F12.c 0x00000000   Number         0  system_mk64f12.o ABSOLUTE
    camera.c                                 0x00000000   Number         0  camera.o ABSOLUTE
    camera.c                                 0x00000000   Number         0  camera.o ABSOLUTE
    dc.s                                     0x00000000   Number         0  dc.o ABSOLUTE
    isr.c                                    0x00000000   Number         0  isr.o ABSOLUTE
    isr.c                                    0x00000000   Number         0  isr.o ABSOLUTE
    main.c                                   0x00000000   Number         0  main.o ABSOLUTE
    main.c                                   0x00000000   Number         0  main.o ABSOLUTE
    pwm.c                                    0x00000000   Number         0  pwm.o ABSOLUTE
    pwm.c                                    0x00000000   Number         0  pwm.o ABSOLUTE
    uart.c                                   0x00000000   Number         0  uart.o ABSOLUTE
    uart.c                                   0x00000000   Number         0  uart.o ABSOLUTE
    .ARM.__at_0x400                          0x00000400   Section       16  startup_mk64f12.o(.ARM.__at_0x400)
    !!!main                                  0x00000410   Section        8  __main.o(!!!main)
    !!!scatter                               0x00000418   Section       52  __scatter.o(!!!scatter)
    !!handler_copy                           0x0000044c   Section       26  __scatter_copy.o(!!handler_copy)
    !!handler_zi                             0x00000468   Section       28  __scatter_zi.o(!!handler_zi)
    .ARM.Collect$$_printf_percent$$00000000  0x00000484   Section        0  _printf_percent.o(.ARM.Collect$$_printf_percent$$00000000)
    .ARM.Collect$$_printf_percent$$00000008  0x00000484   Section        6  _printf_i.o(.ARM.Collect$$_printf_percent$$00000008)
    .ARM.Collect$$_printf_percent$$00000009  0x0000048a   Section        6  _printf_d.o(.ARM.Collect$$_printf_percent$$00000009)
    .ARM.Collect$$_printf_percent$$00000017  0x00000490   Section        4  _printf_percent_end.o(.ARM.Collect$$_printf_percent$$00000017)
    .ARM.Collect$$libinit$$00000000          0x00000494   Section        2  libinit.o(.ARM.Collect$$libinit$$00000000)
    .ARM.Collect$$libinit$$00000001          0x00000496   Section        4  libinit2.o(.ARM.Collect$$libinit$$00000001)
    .ARM.Collect$$libinit$$00000004          0x0000049a   Section        0  libinit2.o(.ARM.Collect$$libinit$$00000004)
    .ARM.Collect$$libinit$$0000000A          0x0000049a   Section        0  libinit2.o(.ARM.Collect$$libinit$$0000000A)
    .ARM.Collect$$libinit$$0000000C          0x0000049a   Section        0  libinit2.o(.ARM.Collect$$libinit$$0000000C)
    .ARM.Collect$$libinit$$0000000E          0x0000049a   Section        0  libinit2.o(.ARM.Collect$$libinit$$0000000E)
    .ARM.Collect$$libinit$$00000011          0x0000049a   Section        0  libinit2.o(.ARM.Collect$$libinit$$00000011)
    .ARM.Collect$$libinit$$00000013          0x0000049a   Section        0  libinit2.o(.ARM.Collect$$libinit$$00000013)
    .ARM.Collect$$libinit$$00000015          0x0000049a   Section        0  libinit2.o(.ARM.Collect$$libinit$$00000015)
    .ARM.Collect$$libinit$$00000017          0x0000049a   Section        0  libinit2.o(.ARM.Collect$$libinit$$00000017)
    .ARM.Collect$$libinit$$00000019          0x0000049a   Section        0  libinit2.o(.ARM.Collect$$libinit$$00000019)
    .ARM.Collect$$libinit$$0000001B          0x0000049a   Section        0  libinit2.o(.ARM.Collect$$libinit$$0000001B)
    .ARM.Collect$$libinit$$0000001D          0x0000049a   Section        0  libinit2.o(.ARM.Collect$$libinit$$0000001D)
    .ARM.Collect$$libinit$$0000001F          0x0000049a   Section        0  libinit2.o(.ARM.Collect$$libinit$$0000001F)
    .ARM.Collect$$libinit$$00000021          0x0000049a   Section        0  libinit2.o(.ARM.Collect$$libinit$$00000021)
    .ARM.Collect$$libinit$$00000023          0x0000049a   Section        0  libinit2.o(.ARM.Collect$$libinit$$00000023)
    .ARM.Collect$$libinit$$00000025          0x0000049a   Section        0  libinit2.o(.ARM.Collect$$libinit$$00000025)
    .ARM.Collect$$libinit$$0000002C          0x0000049a   Section        0  libinit2.o(.ARM.Collect$$libinit$$0000002C)
    .ARM.Collect$$libinit$$0000002E          0x0000049a   Section        0  libinit2.o(.ARM.Collect$$libinit$$0000002E)
    .ARM.Collect$$libinit$$00000030          0x0000049a   Section        0  libinit2.o(.ARM.Collect$$libinit$$00000030)
    .ARM.Collect$$libinit$$00000032          0x0000049a   Section        0  libinit2.o(.ARM.Collect$$libinit$$00000032)
    .ARM.Collect$$libinit$$00000033          0x0000049a   Section        2  libinit2.o(.ARM.Collect$$libinit$$00000033)
    .ARM.Collect$$libshutdown$$00000000      0x0000049c   Section        2  libshutdown.o(.ARM.Collect$$libshutdown$$00000000)
    .ARM.Collect$$libshutdown$$00000002      0x0000049e   Section        0  libshutdown2.o(.ARM.Collect$$libshutdown$$00000002)
    .ARM.Collect$$libshutdown$$00000004      0x0000049e   Section        0  libshutdown2.o(.ARM.Collect$$libshutdown$$00000004)
    .ARM.Collect$$libshutdown$$00000007      0x0000049e   Section        0  libshutdown2.o(.ARM.Collect$$libshutdown$$00000007)
    .ARM.Collect$$libshutdown$$0000000A      0x0000049e   Section        0  libshutdown2.o(.ARM.Collect$$libshutdown$$0000000A)
    .ARM.Collect$$libshutdown$$0000000C      0x0000049e   Section        0  libshutdown2.o(.ARM.Collect$$libshutdown$$0000000C)
    .ARM.Collect$$libshutdown$$0000000F      0x0000049e   Section        0  libshutdown2.o(.ARM.Collect$$libshutdown$$0000000F)
    .ARM.Collect$$libshutdown$$00000010      0x0000049e   Section        2  libshutdown2.o(.ARM.Collect$$libshutdown$$00000010)
    .ARM.Collect$$rtentry$$00000000          0x000004a0   Section        0  __rtentry.o(.ARM.Collect$$rtentry$$00000000)
    .ARM.Collect$$rtentry$$00000002          0x000004a0   Section        0  __rtentry2.o(.ARM.Collect$$rtentry$$00000002)
    .ARM.Collect$$rtentry$$00000004          0x000004a0   Section        6  __rtentry4.o(.ARM.Collect$$rtentry$$00000004)
    .ARM.Collect$$rtentry$$00000009          0x000004a6   Section        0  __rtentry2.o(.ARM.Collect$$rtentry$$00000009)
    .ARM.Collect$$rtentry$$0000000A          0x000004a6   Section        4  __rtentry2.o(.ARM.Collect$$rtentry$$0000000A)
    .ARM.Collect$$rtentry$$0000000C          0x000004aa   Section        0  __rtentry2.o(.ARM.Collect$$rtentry$$0000000C)
    .ARM.Collect$$rtentry$$0000000D          0x000004aa   Section        8  __rtentry2.o(.ARM.Collect$$rtentry$$0000000D)
    .ARM.Collect$$rtexit$$00000000           0x000004b2   Section        2  rtexit.o(.ARM.Collect$$rtexit$$00000000)
    .ARM.Collect$$rtexit$$00000002           0x000004b4   Section        0  rtexit2.o(.ARM.Collect$$rtexit$$00000002)
    .ARM.Collect$$rtexit$$00000003           0x000004b4   Section        4  rtexit2.o(.ARM.Collect$$rtexit$$00000003)
    .ARM.Collect$$rtexit$$00000004           0x000004b8   Section        6  rtexit2.o(.ARM.Collect$$rtexit$$00000004)
    .text                                    0x000004c0   Section       72  startup_mk64f12.o(.text)
    $v0                                      0x000004c0   Number         0  startup_mk64f12.o(.text)
    .text                                    0x00000508   Section        0  noretval__2sprintf.o(.text)
    .text                                    0x00000530   Section        0  __printf.o(.text)
    .text                                    0x00000598   Section        0  _printf_dec.o(.text)
    .text                                    0x00000610   Section        0  heapauxi.o(.text)
    .text                                    0x00000616   Section        0  _printf_intcommon.o(.text)
    .text                                    0x000006c8   Section        0  _printf_char_common.o(.text)
    _printf_input_char                       0x000006c9   Thumb Code    10  _printf_char_common.o(.text)
    .text                                    0x000006f8   Section        0  _sputc.o(.text)
    .text                                    0x00000702   Section       74  sys_stackheap_outer.o(.text)
    .text                                    0x0000074c   Section        0  exit.o(.text)
    .text                                    0x00000760   Section        8  libspace.o(.text)
    .text                                    0x00000768   Section        0  sys_exit.o(.text)
    .text                                    0x00000774   Section        2  use_no_semi.o(.text)
    .text                                    0x00000776   Section        0  indicate_semi.o(.text)
    i.ADC0_IRQHandler                        0x00000778   Section        0  camera.o(i.ADC0_IRQHandler)
    i.Camera_Main                            0x0000078c   Section        0  camera.o(i.Camera_Main)
    i.FTM0_IRQHandler                        0x0000082c   Section        0  isr.o(i.FTM0_IRQHandler)
    i.FTM2_IRQHandler                        0x00000858   Section        0  camera.o(i.FTM2_IRQHandler)
    i.FTM3_IRQHandler                        0x00000934   Section        0  pwm.o(i.FTM3_IRQHandler)
    i.InitPWM                                0x0000095c   Section        0  pwm.o(i.InitPWM)
    i.PDB0_IRQHandler                        0x00000ad8   Section        0  isr.o(i.PDB0_IRQHandler)
    i.PIT0_IRQHandler                        0x00000af8   Section        0  camera.o(i.PIT0_IRQHandler)
    i.PORTA_IRQHandler                       0x00000b38   Section        0  isr.o(i.PORTA_IRQHandler)
    i.PORTC_IRQHandler                       0x00000b7c   Section        0  isr.o(i.PORTC_IRQHandler)
    i.SystemInit                             0x00000c14   Section        0  system_mk64f12.o(i.SystemInit)
    i.__NVIC_EnableIRQ                       0x00000cb4   Section        0  camera.o(i.__NVIC_EnableIRQ)
    __NVIC_EnableIRQ                         0x00000cb5   Thumb Code    26  camera.o(i.__NVIC_EnableIRQ)
    i.init_ADC0                              0x00000cd0   Section        0  camera.o(i.init_ADC0)
    i.init_FTM2                              0x00000d98   Section        0  camera.o(i.init_FTM2)
    i.init_GPIO                              0x00000e38   Section        0  camera.o(i.init_GPIO)
    i.init_PIT                               0x00000e88   Section        0  camera.o(i.init_PIT)
    i.initialize                             0x00000ef0   Section        0  main.o(i.initialize)
    i.main                                   0x00000f10   Section        0  main.o(i.main)
    i.put                                    0x00000f20   Section        0  uart.o(i.put)
    i.putChar                                0x00000f38   Section        0  uart.o(i.putChar)
    i.putnumU                                0x00000f50   Section        0  uart.o(i.putnumU)
    i.uart0_init                             0x00000f6c   Section        0  uart.o(i.uart0_init)
    i.uart3_init                             0x00001000   Section        0  uart.o(i.uart3_init)
    x$fpl$fpinit                             0x00001094   Section       10  fpinit.o(x$fpl$fpinit)
    $v0                                      0x00001094   Number         0  fpinit.o(x$fpl$fpinit)
    .data                                    0x20000000   Section       18  camera.o(.data)
    .data                                    0x20000014   Section        8  isr.o(.data)
    .data                                    0x2000001c   Section        8  pwm.o(.data)
    PWM0Tick                                 0x2000001c   Data           4  pwm.o(.data)
    PWM3Tick                                 0x20000020   Data           4  pwm.o(.data)
    .bss                                     0x20000024   Section      356  camera.o(.bss)
    .bss                                     0x20000188   Section       96  libspace.o(.bss)
    HEAP                                     0x200001e8   Section        0  startup_mk64f12.o(HEAP)
    STACK                                    0x200001e8   Section     1024  startup_mk64f12.o(STACK)
    Heap_Mem                                 0x200001e8   Data           0  startup_mk64f12.o(HEAP)
    Stack_Mem                                0x200001e8   Data        1024  startup_mk64f12.o(STACK)
    __initial_sp                             0x200005e8   Data           0  startup_mk64f12.o(STACK)

    Global Symbols

    Symbol Name                              Value     Ov Type        Size  Object(Section)

    BuildAttributes$$THM_ISAv4$E$P$D$K$B$S$7EM$VFPi3$EXTD16$VFPS$VFMA$PE$A:L22UL41UL21$X:L11$S22US41US21$IEEE1$IW$USESV6$~STKCKD$USESV7$~SHL$OSPACE$ROPI$EBA8$UX$STANDARDLIB$REQ8$PRES8$EABIv2 0x00000000   Number         0  anon$$obj.o ABSOLUTE
    __ARM_use_no_argv                        0x00000000   Number         0  main.o ABSOLUTE
    __Vectors                                0x00000000   Data           4  startup_mk64f12.o(RESET)
    __ARM_exceptions_init                     - Undefined Weak Reference
    __alloca_initialize                       - Undefined Weak Reference
    __arm_preinit_                            - Undefined Weak Reference
    __cpp_initialize__aeabi_                  - Undefined Weak Reference
    __cxa_finalize                            - Undefined Weak Reference
    __rt_locale                               - Undefined Weak Reference
    __sigvec_lookup                           - Undefined Weak Reference
    _atexit_init                              - Undefined Weak Reference
    _call_atexit_fns                          - Undefined Weak Reference
    _clock_init                               - Undefined Weak Reference
    _fp_trap_init                             - Undefined Weak Reference
    _fp_trap_shutdown                         - Undefined Weak Reference
    _get_lc_collate                           - Undefined Weak Reference
    _get_lc_ctype                             - Undefined Weak Reference
    _get_lc_monetary                          - Undefined Weak Reference
    _get_lc_numeric                           - Undefined Weak Reference
    _get_lc_time                              - Undefined Weak Reference
    _getenv_init                              - Undefined Weak Reference
    _handle_redirection                       - Undefined Weak Reference
    _init_alloc                               - Undefined Weak Reference
    _init_user_alloc                          - Undefined Weak Reference
    _initio                                   - Undefined Weak Reference
    _printf_post_padding                      - Undefined Weak Reference
    _printf_pre_padding                       - Undefined Weak Reference
    _printf_truncate_signed                   - Undefined Weak Reference
    _printf_truncate_unsigned                 - Undefined Weak Reference
    _rand_init                                - Undefined Weak Reference
    _signal_finish                            - Undefined Weak Reference
    _signal_init                              - Undefined Weak Reference
    _terminate_alloc                          - Undefined Weak Reference
    _terminate_user_alloc                     - Undefined Weak Reference
    _terminateio                              - Undefined Weak Reference
    __Vectors_End                            0x00000400   Data           0  startup_mk64f12.o(RESET)
    __Vectors_Size                           0x00000400   Number         0  startup_mk64f12.o ABSOLUTE
    __main                                   0x00000411   Thumb Code     8  __main.o(!!!main)
    __scatterload                            0x00000419   Thumb Code     0  __scatter.o(!!!scatter)
    __scatterload_rt2                        0x00000419   Thumb Code    44  __scatter.o(!!!scatter)
    __scatterload_rt2_thumb_only             0x00000419   Thumb Code     0  __scatter.o(!!!scatter)
    __scatterload_null                       0x00000427   Thumb Code     0  __scatter.o(!!!scatter)
    __scatterload_copy                       0x0000044d   Thumb Code    26  __scatter_copy.o(!!handler_copy)
    __scatterload_zeroinit                   0x00000469   Thumb Code    28  __scatter_zi.o(!!handler_zi)
    _printf_i                                0x00000485   Thumb Code     0  _printf_i.o(.ARM.Collect$$_printf_percent$$00000008)
    _printf_percent                          0x00000485   Thumb Code     0  _printf_percent.o(.ARM.Collect$$_printf_percent$$00000000)
    _printf_d                                0x0000048b   Thumb Code     0  _printf_d.o(.ARM.Collect$$_printf_percent$$00000009)
    _printf_percent_end                      0x00000491   Thumb Code     0  _printf_percent_end.o(.ARM.Collect$$_printf_percent$$00000017)
    __rt_lib_init                            0x00000495   Thumb Code     0  libinit.o(.ARM.Collect$$libinit$$00000000)
    __rt_lib_init_fp_1                       0x00000497   Thumb Code     0  libinit2.o(.ARM.Collect$$libinit$$00000001)
    __rt_lib_init_alloca_1                   0x0000049b   Thumb Code     0  libinit2.o(.ARM.Collect$$libinit$$0000002E)
    __rt_lib_init_argv_1                     0x0000049b   Thumb Code     0  libinit2.o(.ARM.Collect$$libinit$$0000002C)
    __rt_lib_init_atexit_1                   0x0000049b   Thumb Code     0  libinit2.o(.ARM.Collect$$libinit$$0000001B)
    __rt_lib_init_clock_1                    0x0000049b   Thumb Code     0  libinit2.o(.ARM.Collect$$libinit$$00000021)
    __rt_lib_init_cpp_1                      0x0000049b   Thumb Code     0  libinit2.o(.ARM.Collect$$libinit$$00000032)
    __rt_lib_init_exceptions_1               0x0000049b   Thumb Code     0  libinit2.o(.ARM.Collect$$libinit$$00000030)
    __rt_lib_init_fp_trap_1                  0x0000049b   Thumb Code     0  libinit2.o(.ARM.Collect$$libinit$$0000001F)
    __rt_lib_init_getenv_1                   0x0000049b   Thumb Code     0  libinit2.o(.ARM.Collect$$libinit$$00000023)
    __rt_lib_init_heap_1                     0x0000049b   Thumb Code     0  libinit2.o(.ARM.Collect$$libinit$$0000000A)
    __rt_lib_init_lc_collate_1               0x0000049b   Thumb Code     0  libinit2.o(.ARM.Collect$$libinit$$00000011)
    __rt_lib_init_lc_ctype_1                 0x0000049b   Thumb Code     0  libinit2.o(.ARM.Collect$$libinit$$00000013)
    __rt_lib_init_lc_monetary_1              0x0000049b   Thumb Code     0  libinit2.o(.ARM.Collect$$libinit$$00000015)
    __rt_lib_init_lc_numeric_1               0x0000049b   Thumb Code     0  libinit2.o(.ARM.Collect$$libinit$$00000017)
    __rt_lib_init_lc_time_1                  0x0000049b   Thumb Code     0  libinit2.o(.ARM.Collect$$libinit$$00000019)
    __rt_lib_init_preinit_1                  0x0000049b   Thumb Code     0  libinit2.o(.ARM.Collect$$libinit$$00000004)
    __rt_lib_init_rand_1                     0x0000049b   Thumb Code     0  libinit2.o(.ARM.Collect$$libinit$$0000000E)
    __rt_lib_init_return                     0x0000049b   Thumb Code     0  libinit2.o(.ARM.Collect$$libinit$$00000033)
    __rt_lib_init_signal_1                   0x0000049b   Thumb Code     0  libinit2.o(.ARM.Collect$$libinit$$0000001D)
    __rt_lib_init_stdio_1                    0x0000049b   Thumb Code     0  libinit2.o(.ARM.Collect$$libinit$$00000025)
    __rt_lib_init_user_alloc_1               0x0000049b   Thumb Code     0  libinit2.o(.ARM.Collect$$libinit$$0000000C)
    __rt_lib_shutdown                        0x0000049d   Thumb Code     0  libshutdown.o(.ARM.Collect$$libshutdown$$00000000)
    __rt_lib_shutdown_cpp_1                  0x0000049f   Thumb Code     0  libshutdown2.o(.ARM.Collect$$libshutdown$$00000002)
    __rt_lib_shutdown_fp_trap_1              0x0000049f   Thumb Code     0  libshutdown2.o(.ARM.Collect$$libshutdown$$00000007)
    __rt_lib_shutdown_heap_1                 0x0000049f   Thumb Code     0  libshutdown2.o(.ARM.Collect$$libshutdown$$0000000F)
    __rt_lib_shutdown_return                 0x0000049f   Thumb Code     0  libshutdown2.o(.ARM.Collect$$libshutdown$$00000010)
    __rt_lib_shutdown_signal_1               0x0000049f   Thumb Code     0  libshutdown2.o(.ARM.Collect$$libshutdown$$0000000A)
    __rt_lib_shutdown_stdio_1                0x0000049f   Thumb Code     0  libshutdown2.o(.ARM.Collect$$libshutdown$$00000004)
    __rt_lib_shutdown_user_alloc_1           0x0000049f   Thumb Code     0  libshutdown2.o(.ARM.Collect$$libshutdown$$0000000C)
    __rt_entry                               0x000004a1   Thumb Code     0  __rtentry.o(.ARM.Collect$$rtentry$$00000000)
    __rt_entry_presh_1                       0x000004a1   Thumb Code     0  __rtentry2.o(.ARM.Collect$$rtentry$$00000002)
    __rt_entry_sh                            0x000004a1   Thumb Code     0  __rtentry4.o(.ARM.Collect$$rtentry$$00000004)
    __rt_entry_li                            0x000004a7   Thumb Code     0  __rtentry2.o(.ARM.Collect$$rtentry$$0000000A)
    __rt_entry_postsh_1                      0x000004a7   Thumb Code     0  __rtentry2.o(.ARM.Collect$$rtentry$$00000009)
    __rt_entry_main                          0x000004ab   Thumb Code     0  __rtentry2.o(.ARM.Collect$$rtentry$$0000000D)
    __rt_entry_postli_1                      0x000004ab   Thumb Code     0  __rtentry2.o(.ARM.Collect$$rtentry$$0000000C)
    __rt_exit                                0x000004b3   Thumb Code     0  rtexit.o(.ARM.Collect$$rtexit$$00000000)
    __rt_exit_ls                             0x000004b5   Thumb Code     0  rtexit2.o(.ARM.Collect$$rtexit$$00000003)
    __rt_exit_prels_1                        0x000004b5   Thumb Code     0  rtexit2.o(.ARM.Collect$$rtexit$$00000002)
    __rt_exit_exit                           0x000004b9   Thumb Code     0  rtexit2.o(.ARM.Collect$$rtexit$$00000004)
    init_data_bss                            0x000004c1   Thumb Code     2  startup_mk64f12.o(.text)
    Reset_Handler                            0x000004c3   Thumb Code    12  startup_mk64f12.o(.text)
    NMI_Handler                              0x000004cf   Thumb Code     2  startup_mk64f12.o(.text)
    HardFault_Handler                        0x000004d1   Thumb Code     2  startup_mk64f12.o(.text)
    MemManage_Handler                        0x000004d3   Thumb Code     2  startup_mk64f12.o(.text)
    BusFault_Handler                         0x000004d5   Thumb Code     2  startup_mk64f12.o(.text)
    UsageFault_Handler                       0x000004d7   Thumb Code     2  startup_mk64f12.o(.text)
    SVC_Handler                              0x000004d9   Thumb Code     2  startup_mk64f12.o(.text)
    DebugMon_Handler                         0x000004db   Thumb Code     2  startup_mk64f12.o(.text)
    PendSV_Handler                           0x000004dd   Thumb Code     2  startup_mk64f12.o(.text)
    SysTick_Handler                          0x000004df   Thumb Code     2  startup_mk64f12.o(.text)
    ADC1_IRQHandler                          0x000004e1   Thumb Code     0  startup_mk64f12.o(.text)
    CAN0_Bus_Off_IRQHandler                  0x000004e1   Thumb Code     0  startup_mk64f12.o(.text)
    CAN0_Error_IRQHandler                    0x000004e1   Thumb Code     0  startup_mk64f12.o(.text)
    CAN0_ORed_Message_buffer_IRQHandler      0x000004e1   Thumb Code     0  startup_mk64f12.o(.text)
    CAN0_Rx_Warning_IRQHandler               0x000004e1   Thumb Code     0  startup_mk64f12.o(.text)
    CAN0_Tx_Warning_IRQHandler               0x000004e1   Thumb Code     0  startup_mk64f12.o(.text)
    CAN0_Wake_Up_IRQHandler                  0x000004e1   Thumb Code     0  startup_mk64f12.o(.text)
    CMP0_IRQHandler                          0x000004e1   Thumb Code     0  startup_mk64f12.o(.text)
    CMP1_IRQHandler                          0x000004e1   Thumb Code     0  startup_mk64f12.o(.text)
    CMP2_IRQHandler                          0x000004e1   Thumb Code     0  startup_mk64f12.o(.text)
    CMT_IRQHandler                           0x000004e1   Thumb Code     0  startup_mk64f12.o(.text)
    DAC0_IRQHandler                          0x000004e1   Thumb Code     0  startup_mk64f12.o(.text)
    DAC1_IRQHandler                          0x000004e1   Thumb Code     0  startup_mk64f12.o(.text)
    DMA0_IRQHandler                          0x000004e1   Thumb Code     0  startup_mk64f12.o(.text)
    DMA10_IRQHandler                         0x000004e1   Thumb Code     0  startup_mk64f12.o(.text)
    DMA11_IRQHandler                         0x000004e1   Thumb Code     0  startup_mk64f12.o(.text)
    DMA12_IRQHandler                         0x000004e1   Thumb Code     0  startup_mk64f12.o(.text)
    DMA13_IRQHandler                         0x000004e1   Thumb Code     0  startup_mk64f12.o(.text)
    DMA14_IRQHandler                         0x000004e1   Thumb Code     0  startup_mk64f12.o(.text)
    DMA15_IRQHandler                         0x000004e1   Thumb Code     0  startup_mk64f12.o(.text)
    DMA1_IRQHandler                          0x000004e1   Thumb Code     0  startup_mk64f12.o(.text)
    DMA2_IRQHandler                          0x000004e1   Thumb Code     0  startup_mk64f12.o(.text)
    DMA3_IRQHandler                          0x000004e1   Thumb Code     0  startup_mk64f12.o(.text)
    DMA4_IRQHandler                          0x000004e1   Thumb Code     0  startup_mk64f12.o(.text)
    DMA5_IRQHandler                          0x000004e1   Thumb Code     0  startup_mk64f12.o(.text)
    DMA6_IRQHandler                          0x000004e1   Thumb Code     0  startup_mk64f12.o(.text)
    DMA7_IRQHandler                          0x000004e1   Thumb Code     0  startup_mk64f12.o(.text)
    DMA8_IRQHandler                          0x000004e1   Thumb Code     0  startup_mk64f12.o(.text)
    DMA9_IRQHandler                          0x000004e1   Thumb Code     0  startup_mk64f12.o(.text)
    DMA_Error_IRQHandler                     0x000004e1   Thumb Code     0  startup_mk64f12.o(.text)
    DefaultISR                               0x000004e1   Thumb Code     0  startup_mk64f12.o(.text)
    ENET_1588_Timer_IRQHandler               0x000004e1   Thumb Code     0  startup_mk64f12.o(.text)
    ENET_Error_IRQHandler                    0x000004e1   Thumb Code     0  startup_mk64f12.o(.text)
    ENET_Receive_IRQHandler                  0x000004e1   Thumb Code     0  startup_mk64f12.o(.text)
    ENET_Transmit_IRQHandler                 0x000004e1   Thumb Code     0  startup_mk64f12.o(.text)
    FTFE_IRQHandler                          0x000004e1   Thumb Code     0  startup_mk64f12.o(.text)
    FTM1_IRQHandler                          0x000004e1   Thumb Code     0  startup_mk64f12.o(.text)
    I2C0_IRQHandler                          0x000004e1   Thumb Code     0  startup_mk64f12.o(.text)
    I2C1_IRQHandler                          0x000004e1   Thumb Code     0  startup_mk64f12.o(.text)
    I2C2_IRQHandler                          0x000004e1   Thumb Code     0  startup_mk64f12.o(.text)
    I2S0_Rx_IRQHandler                       0x000004e1   Thumb Code     0  startup_mk64f12.o(.text)
    I2S0_Tx_IRQHandler                       0x000004e1   Thumb Code     0  startup_mk64f12.o(.text)
    LLW_IRQHandler                           0x000004e1   Thumb Code     0  startup_mk64f12.o(.text)
    LPTimer_IRQHandler                       0x000004e1   Thumb Code     0  startup_mk64f12.o(.text)
    LVD_LVW_IRQHandler                       0x000004e1   Thumb Code     0  startup_mk64f12.o(.text)
    MCG_IRQHandler                           0x000004e1   Thumb Code     0  startup_mk64f12.o(.text)
    MCM_IRQHandler                           0x000004e1   Thumb Code     0  startup_mk64f12.o(.text)
    PIT1_IRQHandler                          0x000004e1   Thumb Code     0  startup_mk64f12.o(.text)
    PIT2_IRQHandler                          0x000004e1   Thumb Code     0  startup_mk64f12.o(.text)
    PIT3_IRQHandler                          0x000004e1   Thumb Code     0  startup_mk64f12.o(.text)
    PORTB_IRQHandler                         0x000004e1   Thumb Code     0  startup_mk64f12.o(.text)
    PORTD_IRQHandler                         0x000004e1   Thumb Code     0  startup_mk64f12.o(.text)
    PORTE_IRQHandler                         0x000004e1   Thumb Code     0  startup_mk64f12.o(.text)
    RNG_IRQHandler                           0x000004e1   Thumb Code     0  startup_mk64f12.o(.text)
    RTC_IRQHandler                           0x000004e1   Thumb Code     0  startup_mk64f12.o(.text)
    RTC_Seconds_IRQHandler                   0x000004e1   Thumb Code     0  startup_mk64f12.o(.text)
    Read_Collision_IRQHandler                0x000004e1   Thumb Code     0  startup_mk64f12.o(.text)
    Reserved71_IRQHandler                    0x000004e1   Thumb Code     0  startup_mk64f12.o(.text)
    SDHC_IRQHandler                          0x000004e1   Thumb Code     0  startup_mk64f12.o(.text)
    SPI0_IRQHandler                          0x000004e1   Thumb Code     0  startup_mk64f12.o(.text)
    SPI1_IRQHandler                          0x000004e1   Thumb Code     0  startup_mk64f12.o(.text)
    SPI2_IRQHandler                          0x000004e1   Thumb Code     0  startup_mk64f12.o(.text)
    SWI_IRQHandler                           0x000004e1   Thumb Code     0  startup_mk64f12.o(.text)
    UART0_ERR_IRQHandler                     0x000004e1   Thumb Code     0  startup_mk64f12.o(.text)
    UART0_LON_IRQHandler                     0x000004e1   Thumb Code     0  startup_mk64f12.o(.text)
    UART0_RX_TX_IRQHandler                   0x000004e1   Thumb Code     0  startup_mk64f12.o(.text)
    UART1_ERR_IRQHandler                     0x000004e1   Thumb Code     0  startup_mk64f12.o(.text)
    UART1_RX_TX_IRQHandler                   0x000004e1   Thumb Code     0  startup_mk64f12.o(.text)
    UART2_ERR_IRQHandler                     0x000004e1   Thumb Code     0  startup_mk64f12.o(.text)
    UART2_RX_TX_IRQHandler                   0x000004e1   Thumb Code     0  startup_mk64f12.o(.text)
    UART3_ERR_IRQHandler                     0x000004e1   Thumb Code     0  startup_mk64f12.o(.text)
    UART3_RX_TX_IRQHandler                   0x000004e1   Thumb Code     0  startup_mk64f12.o(.text)
    UART4_ERR_IRQHandler                     0x000004e1   Thumb Code     0  startup_mk64f12.o(.text)
    UART4_RX_TX_IRQHandler                   0x000004e1   Thumb Code     0  startup_mk64f12.o(.text)
    UART5_ERR_IRQHandler                     0x000004e1   Thumb Code     0  startup_mk64f12.o(.text)
    UART5_RX_TX_IRQHandler                   0x000004e1   Thumb Code     0  startup_mk64f12.o(.text)
    USB0_IRQHandler                          0x000004e1   Thumb Code     0  startup_mk64f12.o(.text)
    USBDCD_IRQHandler                        0x000004e1   Thumb Code     0  startup_mk64f12.o(.text)
    Watchdog_IRQHandler                      0x000004e1   Thumb Code     0  startup_mk64f12.o(.text)
    __user_initial_stackheap                 0x000004e5   Thumb Code     0  startup_mk64f12.o(.text)
    __2sprintf                               0x00000509   Thumb Code    34  noretval__2sprintf.o(.text)
    __printf                                 0x00000531   Thumb Code   104  __printf.o(.text)
    _printf_int_dec                          0x00000599   Thumb Code   104  _printf_dec.o(.text)
    __use_two_region_memory                  0x00000611   Thumb Code     2  heapauxi.o(.text)
    __rt_heap_escrow$2region                 0x00000613   Thumb Code     2  heapauxi.o(.text)
    __rt_heap_expand$2region                 0x00000615   Thumb Code     2  heapauxi.o(.text)
    _printf_int_common                       0x00000617   Thumb Code   178  _printf_intcommon.o(.text)
    _printf_char_common                      0x000006d3   Thumb Code    32  _printf_char_common.o(.text)
    _sputc                                   0x000006f9   Thumb Code    10  _sputc.o(.text)
    __user_setup_stackheap                   0x00000703   Thumb Code    74  sys_stackheap_outer.o(.text)
    exit                                     0x0000074d   Thumb Code    18  exit.o(.text)
    __user_libspace                          0x00000761   Thumb Code     8  libspace.o(.text)
    __user_perproc_libspace                  0x00000761   Thumb Code     0  libspace.o(.text)
    __user_perthread_libspace                0x00000761   Thumb Code     0  libspace.o(.text)
    _sys_exit                                0x00000769   Thumb Code     8  sys_exit.o(.text)
    __I$use$semihosting                      0x00000775   Thumb Code     0  use_no_semi.o(.text)
    __use_no_semihosting_swi                 0x00000775   Thumb Code     2  use_no_semi.o(.text)
    __semihosting_library_function           0x00000777   Thumb Code     0  indicate_semi.o(.text)
    ADC0_IRQHandler                          0x00000779   Thumb Code    10  camera.o(i.ADC0_IRQHandler)
    Camera_Main                              0x0000078d   Thumb Code   120  camera.o(i.Camera_Main)
    FTM0_IRQHandler                          0x0000082d   Thumb Code    32  isr.o(i.FTM0_IRQHandler)
    FTM2_IRQHandler                          0x00000859   Thumb Code   194  camera.o(i.FTM2_IRQHandler)
    FTM3_IRQHandler                          0x00000935   Thumb Code    32  pwm.o(i.FTM3_IRQHandler)
    InitPWM                                  0x0000095d   Thumb Code   356  pwm.o(i.InitPWM)
    PDB0_IRQHandler                          0x00000ad9   Thumb Code    22  isr.o(i.PDB0_IRQHandler)
    PIT0_IRQHandler                          0x00000af9   Thumb Code    46  camera.o(i.PIT0_IRQHandler)
    PORTA_IRQHandler                         0x00000b39   Thumb Code    60  isr.o(i.PORTA_IRQHandler)
    PORTC_IRQHandler                         0x00000b7d   Thumb Code    90  isr.o(i.PORTC_IRQHandler)
    SystemInit                               0x00000c15   Thumb Code   136  system_mk64f12.o(i.SystemInit)
    init_ADC0                                0x00000cd1   Thumb Code   190  camera.o(i.init_ADC0)
    init_FTM2                                0x00000d99   Thumb Code   150  camera.o(i.init_FTM2)
    init_GPIO                                0x00000e39   Thumb Code    64  camera.o(i.init_GPIO)
    init_PIT                                 0x00000e89   Thumb Code    88  camera.o(i.init_PIT)
    initialize                               0x00000ef1   Thumb Code    32  main.o(i.initialize)
    main                                     0x00000f11   Thumb Code    16  main.o(i.main)
    put                                      0x00000f21   Thumb Code    22  uart.o(i.put)
    putChar                                  0x00000f39   Thumb Code    20  uart.o(i.putChar)
    putnumU                                  0x00000f51   Thumb Code    22  uart.o(i.putnumU)
    uart0_init                               0x00000f6d   Thumb Code   134  uart.o(i.uart0_init)
    uart3_init                               0x00001001   Thumb Code   134  uart.o(i.uart3_init)
    _fp_init                                 0x00001095   Thumb Code    10  fpinit.o(x$fpl$fpinit)
    __fplib_config_fpu_vfp                   0x0000109d   Thumb Code     0  fpinit.o(x$fpl$fpinit)
    __fplib_config_pureend_doubles           0x0000109d   Thumb Code     0  fpinit.o(x$fpl$fpinit)
    Region$$Table$$Base                      0x000010a0   Number         0  anon$$obj.o(Region$$Table)
    Region$$Table$$Limit                     0x000010c0   Number         0  anon$$obj.o(Region$$Table)
    pixcnt                                   0x20000000   Data           4  camera.o(.data)
    clkval                                   0x20000004   Data           4  camera.o(.data)
    debugcamdata                             0x20000008   Data           4  camera.o(.data)
    capcnt                                   0x2000000c   Data           4  camera.o(.data)
    ADC0VAL                                  0x20000010   Data           2  camera.o(.data)
    sw2Pressed                               0x20000014   Data           4  isr.o(.data)
    ftmCounter                               0x20000018   Data           4  isr.o(.data)
    line                                     0x20000024   Data         256  camera.o(.bss)
    str                                      0x20000124   Data         100  camera.o(.bss)
    __libspace_start                         0x20000188   Data          96  libspace.o(.bss)
    __temporary_stack_top$libspace           0x200001e8   Data           0  libspace.o(.bss)



==============================================================================

Memory Map of the image

  Image Entry point : 0x00000411

  Load Region LR_IROM1 (Base: 0x00000000, Size: 0x000010e4, Max: 0x00100000, ABSOLUTE)

    Execution Region ER_IROM1 (Exec base: 0x00000000, Load base: 0x00000000, Size: 0x000010c0, Max: 0x00100000, ABSOLUTE)

    Exec Addr    Load Addr    Size         Type   Attr      Idx    E Section Name        Object

    0x00000000   0x00000000   0x00000400   Data   RO          303    RESET               startup_mk64f12.o
    0x00000400   0x00000400   0x00000010   Code   RO          304    .ARM.__at_0x400     startup_mk64f12.o
    0x00000410   0x00000410   0x00000008   Code   RO          389  * !!!main             c_w.l(__main.o)
    0x00000418   0x00000418   0x00000034   Code   RO          555    !!!scatter          c_w.l(__scatter.o)
    0x0000044c   0x0000044c   0x0000001a   Code   RO          557    !!handler_copy      c_w.l(__scatter_copy.o)
    0x00000466   0x00000466   0x00000002   PAD
    0x00000468   0x00000468   0x0000001c   Code   RO          559    !!handler_zi        c_w.l(__scatter_zi.o)
    0x00000484   0x00000484   0x00000000   Code   RO          386    .ARM.Collect$$_printf_percent$$00000000  c_w.l(_printf_percent.o)
    0x00000484   0x00000484   0x00000006   Code   RO          384    .ARM.Collect$$_printf_percent$$00000008  c_w.l(_printf_i.o)
    0x0000048a   0x0000048a   0x00000006   Code   RO          385    .ARM.Collect$$_printf_percent$$00000009  c_w.l(_printf_d.o)
    0x00000490   0x00000490   0x00000004   Code   RO          398    .ARM.Collect$$_printf_percent$$00000017  c_w.l(_printf_percent_end.o)
    0x00000494   0x00000494   0x00000002   Code   RO          425    .ARM.Collect$$libinit$$00000000  c_w.l(libinit.o)
    0x00000496   0x00000496   0x00000004   Code   RO          431    .ARM.Collect$$libinit$$00000001  c_w.l(libinit2.o)
    0x0000049a   0x0000049a   0x00000000   Code   RO          434    .ARM.Collect$$libinit$$00000004  c_w.l(libinit2.o)
    0x0000049a   0x0000049a   0x00000000   Code   RO          437    .ARM.Collect$$libinit$$0000000A  c_w.l(libinit2.o)
    0x0000049a   0x0000049a   0x00000000   Code   RO          439    .ARM.Collect$$libinit$$0000000C  c_w.l(libinit2.o)
    0x0000049a   0x0000049a   0x00000000   Code   RO          441    .ARM.Collect$$libinit$$0000000E  c_w.l(libinit2.o)
    0x0000049a   0x0000049a   0x00000000   Code   RO          444    .ARM.Collect$$libinit$$00000011  c_w.l(libinit2.o)
    0x0000049a   0x0000049a   0x00000000   Code   RO          446    .ARM.Collect$$libinit$$00000013  c_w.l(libinit2.o)
    0x0000049a   0x0000049a   0x00000000   Code   RO          448    .ARM.Collect$$libinit$$00000015  c_w.l(libinit2.o)
    0x0000049a   0x0000049a   0x00000000   Code   RO          450    .ARM.Collect$$libinit$$00000017  c_w.l(libinit2.o)
    0x0000049a   0x0000049a   0x00000000   Code   RO          452    .ARM.Collect$$libinit$$00000019  c_w.l(libinit2.o)
    0x0000049a   0x0000049a   0x00000000   Code   RO          454    .ARM.Collect$$libinit$$0000001B  c_w.l(libinit2.o)
    0x0000049a   0x0000049a   0x00000000   Code   RO          456    .ARM.Collect$$libinit$$0000001D  c_w.l(libinit2.o)
    0x0000049a   0x0000049a   0x00000000   Code   RO          458    .ARM.Collect$$libinit$$0000001F  c_w.l(libinit2.o)
    0x0000049a   0x0000049a   0x00000000   Code   RO          460    .ARM.Collect$$libinit$$00000021  c_w.l(libinit2.o)
    0x0000049a   0x0000049a   0x00000000   Code   RO          462    .ARM.Collect$$libinit$$00000023  c_w.l(libinit2.o)
    0x0000049a   0x0000049a   0x00000000   Code   RO          464    .ARM.Collect$$libinit$$00000025  c_w.l(libinit2.o)
    0x0000049a   0x0000049a   0x00000000   Code   RO          468    .ARM.Collect$$libinit$$0000002C  c_w.l(libinit2.o)
    0x0000049a   0x0000049a   0x00000000   Code   RO          470    .ARM.Collect$$libinit$$0000002E  c_w.l(libinit2.o)
    0x0000049a   0x0000049a   0x00000000   Code   RO          472    .ARM.Collect$$libinit$$00000030  c_w.l(libinit2.o)
    0x0000049a   0x0000049a   0x00000000   Code   RO          474    .ARM.Collect$$libinit$$00000032  c_w.l(libinit2.o)
    0x0000049a   0x0000049a   0x00000002   Code   RO          475    .ARM.Collect$$libinit$$00000033  c_w.l(libinit2.o)
    0x0000049c   0x0000049c   0x00000002   Code   RO          495    .ARM.Collect$$libshutdown$$00000000  c_w.l(libshutdown.o)
    0x0000049e   0x0000049e   0x00000000   Code   RO          508    .ARM.Collect$$libshutdown$$00000002  c_w.l(libshutdown2.o)
    0x0000049e   0x0000049e   0x00000000   Code   RO          510    .ARM.Collect$$libshutdown$$00000004  c_w.l(libshutdown2.o)
    0x0000049e   0x0000049e   0x00000000   Code   RO          513    .ARM.Collect$$libshutdown$$00000007  c_w.l(libshutdown2.o)
    0x0000049e   0x0000049e   0x00000000   Code   RO          516    .ARM.Collect$$libshutdown$$0000000A  c_w.l(libshutdown2.o)
    0x0000049e   0x0000049e   0x00000000   Code   RO          518    .ARM.Collect$$libshutdown$$0000000C  c_w.l(libshutdown2.o)
    0x0000049e   0x0000049e   0x00000000   Code   RO          521    .ARM.Collect$$libshutdown$$0000000F  c_w.l(libshutdown2.o)
    0x0000049e   0x0000049e   0x00000002   Code   RO          522    .ARM.Collect$$libshutdown$$00000010  c_w.l(libshutdown2.o)
    0x000004a0   0x000004a0   0x00000000   Code   RO          391    .ARM.Collect$$rtentry$$00000000  c_w.l(__rtentry.o)
    0x000004a0   0x000004a0   0x00000000   Code   RO          400    .ARM.Collect$$rtentry$$00000002  c_w.l(__rtentry2.o)
    0x000004a0   0x000004a0   0x00000006   Code   RO          412    .ARM.Collect$$rtentry$$00000004  c_w.l(__rtentry4.o)
    0x000004a6   0x000004a6   0x00000000   Code   RO          402    .ARM.Collect$$rtentry$$00000009  c_w.l(__rtentry2.o)
    0x000004a6   0x000004a6   0x00000004   Code   RO          403    .ARM.Collect$$rtentry$$0000000A  c_w.l(__rtentry2.o)
    0x000004aa   0x000004aa   0x00000000   Code   RO          405    .ARM.Collect$$rtentry$$0000000C  c_w.l(__rtentry2.o)
    0x000004aa   0x000004aa   0x00000008   Code   RO          406    .ARM.Collect$$rtentry$$0000000D  c_w.l(__rtentry2.o)
    0x000004b2   0x000004b2   0x00000002   Code   RO          429    .ARM.Collect$$rtexit$$00000000  c_w.l(rtexit.o)
    0x000004b4   0x000004b4   0x00000000   Code   RO          477    .ARM.Collect$$rtexit$$00000002  c_w.l(rtexit2.o)
    0x000004b4   0x000004b4   0x00000004   Code   RO          478    .ARM.Collect$$rtexit$$00000003  c_w.l(rtexit2.o)
    0x000004b8   0x000004b8   0x00000006   Code   RO          479    .ARM.Collect$$rtexit$$00000004  c_w.l(rtexit2.o)
    0x000004be   0x000004be   0x00000002   PAD
    0x000004c0   0x000004c0   0x00000048   Code   RO          305    .text               startup_mk64f12.o
    0x00000508   0x00000508   0x00000028   Code   RO          358    .text               c_w.l(noretval__2sprintf.o)
    0x00000530   0x00000530   0x00000068   Code   RO          360    .text               c_w.l(__printf.o)
    0x00000598   0x00000598   0x00000078   Code   RO          362    .text               c_w.l(_printf_dec.o)
    0x00000610   0x00000610   0x00000006   Code   RO          387    .text               c_w.l(heapauxi.o)
    0x00000616   0x00000616   0x000000b2   Code   RO          392    .text               c_w.l(_printf_intcommon.o)
    0x000006c8   0x000006c8   0x00000030   Code   RO          394    .text               c_w.l(_printf_char_common.o)
    0x000006f8   0x000006f8   0x0000000a   Code   RO          396    .text               c_w.l(_sputc.o)
    0x00000702   0x00000702   0x0000004a   Code   RO          416    .text               c_w.l(sys_stackheap_outer.o)
    0x0000074c   0x0000074c   0x00000012   Code   RO          418    .text               c_w.l(exit.o)
    0x0000075e   0x0000075e   0x00000002   PAD
    0x00000760   0x00000760   0x00000008   Code   RO          426    .text               c_w.l(libspace.o)
    0x00000768   0x00000768   0x0000000c   Code   RO          487    .text               c_w.l(sys_exit.o)
    0x00000774   0x00000774   0x00000002   Code   RO          498    .text               c_w.l(use_no_semi.o)
    0x00000776   0x00000776   0x00000000   Code   RO          500    .text               c_w.l(indicate_semi.o)
    0x00000776   0x00000776   0x00000002   PAD
    0x00000778   0x00000778   0x00000014   Code   RO            4    i.ADC0_IRQHandler   camera.o
    0x0000078c   0x0000078c   0x000000a0   Code   RO            5    i.Camera_Main       camera.o
    0x0000082c   0x0000082c   0x0000002c   Code   RO          115    i.FTM0_IRQHandler   isr.o
    0x00000858   0x00000858   0x000000dc   Code   RO            6    i.FTM2_IRQHandler   camera.o
    0x00000934   0x00000934   0x00000028   Code   RO          206    i.FTM3_IRQHandler   pwm.o
    0x0000095c   0x0000095c   0x0000017c   Code   RO          207    i.InitPWM           pwm.o
    0x00000ad8   0x00000ad8   0x00000020   Code   RO          116    i.PDB0_IRQHandler   isr.o
    0x00000af8   0x00000af8   0x00000040   Code   RO            7    i.PIT0_IRQHandler   camera.o
    0x00000b38   0x00000b38   0x00000044   Code   RO          117    i.PORTA_IRQHandler  isr.o
    0x00000b7c   0x00000b7c   0x00000098   Code   RO          118    i.PORTC_IRQHandler  isr.o
    0x00000c14   0x00000c14   0x000000a0   Code   RO          315    i.SystemInit        system_mk64f12.o
    0x00000cb4   0x00000cb4   0x0000001a   Code   RO            8    i.__NVIC_EnableIRQ  camera.o
    0x00000cce   0x00000cce   0x00000002   PAD
    0x00000cd0   0x00000cd0   0x000000c8   Code   RO            9    i.init_ADC0         camera.o
    0x00000d98   0x00000d98   0x000000a0   Code   RO           10    i.init_FTM2         camera.o
    0x00000e38   0x00000e38   0x00000050   Code   RO           11    i.init_GPIO         camera.o
    0x00000e88   0x00000e88   0x00000068   Code   RO           12    i.init_PIT          camera.o
    0x00000ef0   0x00000ef0   0x00000020   Code   RO          168    i.initialize        main.o
    0x00000f10   0x00000f10   0x00000010   Code   RO          169    i.main              main.o
    0x00000f20   0x00000f20   0x00000016   Code   RO          251    i.put               uart.o
    0x00000f36   0x00000f36   0x00000002   PAD
    0x00000f38   0x00000f38   0x00000018   Code   RO          252    i.putChar           uart.o
    0x00000f50   0x00000f50   0x0000001c   Code   RO          253    i.putnumU           uart.o
    0x00000f6c   0x00000f6c   0x00000094   Code   RO          254    i.uart0_init        uart.o
    0x00001000   0x00001000   0x00000094   Code   RO          255    i.uart3_init        uart.o
    0x00001094   0x00001094   0x0000000a   Code   RO          485    x$fpl$fpinit        fz_wm.l(fpinit.o)
    0x0000109e   0x0000109e   0x00000002   PAD
    0x000010a0   0x000010a0   0x00000020   Data   RO          553    Region$$Table       anon$$obj.o


    Execution Region RW_IRAM1 (Exec base: 0x20000000, Load base: 0x000010c0, Size: 0x000005e8, Max: 0x00030000, ABSOLUTE)

    Exec Addr    Load Addr    Size         Type   Attr      Idx    E Section Name        Object

    0x20000000   0x000010c0   0x00000012   Data   RW           14    .data               camera.o
    0x20000012   0x000010d2   0x00000002   PAD
    0x20000014   0x000010d4   0x00000008   Data   RW          119    .data               isr.o
    0x2000001c   0x000010dc   0x00000008   Data   RW          210    .data               pwm.o
    0x20000024        -       0x00000164   Zero   RW           13    .bss                camera.o
    0x20000188        -       0x00000060   Zero   RW          427    .bss                c_w.l(libspace.o)
    0x200001e8        -       0x00000000   Zero   RW          302    HEAP                startup_mk64f12.o
    0x200001e8        -       0x00000400   Zero   RW          301    STACK               startup_mk64f12.o


==============================================================================

Image component sizes


      Code (inc. data)   RO Data    RW Data    ZI Data      Debug   Object Name

      1034        146          0         18        356     384291   camera.o
       296         92          0          8          0       2026   isr.o
        48          0          0          0          0       1228   main.o
       420         32          0          8          0       1192   pwm.o
        88         44       1024          0       1024       1124   startup_mk64f12.o
       160         24          0          0          0        557   system_mk64f12.o
       370         38          0          0          0       2460   uart.o

    ----------------------------------------------------------------------
      2420        376       1056         36       1380     392878   Object Totals
         0          0         32          0          0          0   (incl. Generated)
         4          0          0          2          0          0   (incl. Padding)

    ----------------------------------------------------------------------

      Code (inc. data)   RO Data    RW Data    ZI Data      Debug   Library Member Name

         8          0          0          0          0         68   __main.o
       104          0          0          0          0         84   __printf.o
         0          0          0          0          0          0   __rtentry.o
        12          0          0          0          0          0   __rtentry2.o
         6          0          0          0          0          0   __rtentry4.o
        52          8          0          0          0          0   __scatter.o
        26          0          0          0          0          0   __scatter_copy.o
        28          0          0          0          0          0   __scatter_zi.o
        48          6          0          0          0         96   _printf_char_common.o
         6          0          0          0          0          0   _printf_d.o
       120         16          0          0          0         92   _printf_dec.o
         6          0          0          0          0          0   _printf_i.o
       178          0          0          0          0         88   _printf_intcommon.o
         0          0          0          0          0          0   _printf_percent.o
         4          0          0          0          0          0   _printf_percent_end.o
        10          0          0          0          0         68   _sputc.o
        18          0          0          0          0         80   exit.o
         6          0          0          0          0        152   heapauxi.o
         0          0          0          0          0          0   indicate_semi.o
         2          0          0          0          0          0   libinit.o
         6          0          0          0          0          0   libinit2.o
         2          0          0          0          0          0   libshutdown.o
         2          0          0          0          0          0   libshutdown2.o
         8          4          0          0         96         68   libspace.o
        40          6          0          0          0         84   noretval__2sprintf.o
         2          0          0          0          0          0   rtexit.o
        10          0          0          0          0          0   rtexit2.o
        12          4          0          0          0         68   sys_exit.o
        74          0          0          0          0         80   sys_stackheap_outer.o
         2          0          0          0          0         68   use_no_semi.o
        10          0          0          0          0        116   fpinit.o

    ----------------------------------------------------------------------
       812         44          0          0         96       1212   Library Totals
        10          0          0          0          0          0   (incl. Padding)

    ----------------------------------------------------------------------

      Code (inc. data)   RO Data    RW Data    ZI Data      Debug   Library Name

       792         44          0          0         96       1096   c_w.l
        10          0          0          0          0        116   fz_wm.l

    ----------------------------------------------------------------------
       812         44          0          0         96       1212   Library Totals

    ----------------------------------------------------------------------

==============================================================================


      Code (inc. data)   RO Data    RW Data    ZI Data      Debug   

      3232        420       1056         36       1476     391622   Grand Totals
      3232        420       1056         36       1476     391622   ELF Image Totals
      3232        420       1056         36          0          0   ROM Totals

==============================================================================

    Total RO  Size (Code + RO Data)                 4288 (   4.19kB)
    Total RW  Size (RW Data + ZI Data)              1512 (   1.48kB)
    Total ROM Size (Code + RO Data + RW Data)       4324 (   4.22kB)

==============================================================================

