<html>
<body>
<pre>
<h1>µVision Build Log</h1>
<h2>Tool Versions:</h2>
IDE-Version: µVision V5.27.1.0
Copyright (C) 2019 ARM Ltd and ARM Germany GmbH. All rights reserved.
License Information: Brian Powers, RIT, LIC=----
 
Tool Versions:
Toolchain:       MDK-Lite  Version: 5.27.1.0
Toolchain Path:  C:\Keil_v5\ARM\ARMCC\Bin
C Compiler:      Armcc.exe V5.06 update 6 (build 750)
Assembler:       Armasm.exe V5.06 update 6 (build 750)
Linker/Locator:  ArmLink.exe V5.06 update 6 (build 750)
Library Manager: ArmAr.exe V5.06 update 6 (build 750)
Hex Converter:   FromElf.exe V5.06 update 6 (build 750)
CPU DLL:         SARMCM3.DLL V5.27.1.0
Dialog DLL:      DCM.DLL V1.17.2.0
Target DLL:      CMSIS_AGDI.dll V1.31.17.0
Dialog DLL:      TCM.DLL V1.36.1.0
 
<h2>Project:</h2>
\\vmware-host\Shared Folders\Documents\IDE\NXPCar\IDE_NXP_CUP\KEIL_PROJECT\NXP_CAR_PROJECT.uvprojx
Project File Date:  04/24/2019

<h2>Output:</h2>
*** Using Compiler 'V5.06 update 6 (build 750)', folder: 'C:\Keil_v5\ARM\ARMCC\Bin'
Build target 'Target 1'
compiling main.c...
SRC\main.c(66): warning:  #177-D: variable "camera_sig"  was declared but never referenced
      uint16_t* camera_sig;
SRC\main.c(69): warning:  #177-D: variable "servo_turn_old"  was declared but never referenced
      double servo_turn_old = 64.0;
SRC\main.c(70): warning:  #177-D: variable "servo_err_old1"  was declared but never referenced
      double servo_err_old1 = 0.0;
SRC\main.c(71): warning:  #177-D: variable "servo_err_old2"  was declared but never referenced
      double servo_err_old2 = 0.0;
SRC\main.c(74): warning:  #177-D: variable "motor_duty_left"  was declared but never referenced
      int motor_duty_left = MOTOR_MID;
SRC\main.c(75): warning:  #177-D: variable "motor_duty_right"  was declared but never referenced
      int motor_duty_right = MOTOR_MID;
SRC\main.c(78): warning:  #550-D: variable "motor_max"  was set but never used
      int motor_max = MOTOR_MID;
SRC\main.c(79): warning:  #550-D: variable "motor_mid"  was set but never used
      int motor_mid = MOTOR_MID;
SRC\main.c(80): warning:  #550-D: variable "motor_min"  was set but never used
      int motor_min = MOTOR_MID;
SRC\main.c(82): warning:  #177-D: variable "old_calculated_middle"  was declared but never referenced
      int old_calculated_middle = SIXTY_FOUR;
SRC\main.c(85): warning:  #177-D: variable "button_count"  was declared but never referenced
      int button_count = 0;
SRC\main.c: 11 warnings, 0 errors
linking...
Program Size: Code=2572 RO-data=1056 RW-data=28 ZI-data=1476  
".\Objects\NXP_CAR_PROJECT.axf" - 0 Error(s), 11 Warning(s).

<h2>Software Packages used:</h2>

Package Vendor: ARM
                http://www.keil.com/pack/ARM.CMSIS.5.5.1.pack
                ARM.CMSIS.5.5.1
                CMSIS (Cortex Microcontroller Software Interface Standard)
   * Component: CORE Version: 5.2.0

Package Vendor: Keil
                http://www.keil.com/pack/Keil.Kinetis_K60_DFP.1.5.0.pack
                Keil.Kinetis_K60_DFP.1.5.0
                NXP Kinetis K60 Series Device Support and Examples
   * Component: Startup Version: 1.0.0

<h2>Collection of Component include folders:</h2>
  .\RTE\_Target_1
  C:\Users\Brian\AppData\Local\Arm\Packs\ARM\CMSIS\5.5.1\CMSIS\Core\Include
  C:\Users\Brian\AppData\Local\Arm\Packs\Keil\Kinetis_K60_DFP\1.5.0\Device\Include

<h2>Collection of Component Files used:</h2>

   * Component: ARM::CMSIS:CORE:5.2.0

   * Component: Keil::Device:Startup:1.0.0
      Source file:   Device\Source\ARM\startup_MK64F12.s
      Source file:   Device\Source\system_MK64F12.c
Build Time Elapsed:  00:00:03
</pre>
</body>
</html>
